result=COMPILE_FAILED
pattern=.*cannot find symbol.*