# The RI avoids blocking calls when '\r' is the last character. We don't
# bother since that adds complexity to every other read call, and '\r' as the
# last character will be diminishingly rare anyway.
result=EXEC_FAILED
pattern=.*Hit infinite wait condition.*
